// Jest Snapshot v1, https://goo.gl/fbAQLP

exports[`<PropertyDetails/> renders correctly 1`] = `
<div
  className="page"
>
  <header
    className="header"
  >
    <div
      className="container"
    >
      <div
        className="header__wrapper"
      >
        <div
          className="header__left"
        />
        <nav
          className="header__nav"
        >
          <ul
            className="header__nav-list"
          >
            <li
              className="header__nav-item user"
            />
          </ul>
        </nav>
      </div>
    </div>
  </header>
  <main
    className="page__main page__main--property"
  >
    <section
      className="property"
    >
      <div
        className="property__gallery-container container"
      >
        <div
          className="property__gallery"
        />
      </div>
      <div
        className="property__container container"
      >
        <div
          className="property__wrapper"
        >
          <div
            className="property__name-wrapper"
          >
            <h1
              className="property__name"
            >
              
            </h1>
            <button
              className="property__bookmark-button
                  
                  button"
              type="button"
            >
              <svg
                className="place-card__bookmark-icon"
                height="33"
                width="31"
              >
                <use
                  xlinkHref="#icon-bookmark"
                />
              </svg>
              <span
                className="visually-hidden"
              >
                To bookmarks
              </span>
            </button>
          </div>
          <div
            className="property__rating rating"
          >
            <div
              className="property__stars rating__stars"
            >
              <span
                style={
                  Object {
                    "width": "0%",
                  }
                }
              />
              <span
                className="visually-hidden"
              >
                Rating
              </span>
            </div>
            <span
              className="property__rating-value rating__value"
            >
              0
            </span>
          </div>
          <ul
            className="property__features"
          >
            <li
              className="property__feature property__feature--entire"
            >
              
            </li>
            <li
              className="property__feature property__feature--bedrooms"
            >
              0
               Bedrooms
            </li>
            <li
              className="property__feature property__feature--adults"
            >
              Max 
              0
               adults
            </li>
          </ul>
          <div
            className="property__price"
          >
            <b
              className="property__price-value"
            >
              €
              0
            </b>
            <span
              className="property__price-text"
            >
               night
            </span>
          </div>
          <div
            className="property__inside"
          >
            <h2
              className="property__inside-title"
            >
              What's inside
            </h2>
            <ul
              className="property__inside-list"
            />
          </div>
          <div
            className="property__host"
          >
            <h2
              className="property__host-title"
            >
              Meet the host
            </h2>
            <div
              className="property__host-user user"
            >
              <div
                className="property__avatar-wrapper
                    
                    user__avatar-wrapper"
              >
                <img
                  alt="Host avatar"
                  className="property__avatar user__avatar"
                  height="74"
                  src=""
                  width="74"
                />
              </div>
              <span
                className="property__user-name"
              >
                
              </span>
              <span
                className="property__user-status"
              />
            </div>
            <div
              className="property__description"
            >
              
            </div>
          </div>
          <section
            className="property__reviews reviews"
          >
            <h2
              className="reviews__title"
            >
              Reviews · 
              <span
                className="reviews__amount"
              >
                0
              </span>
            </h2>
            <ul
              className="reviews__list"
            />
            <form
              action="#"
              className="reviews__form form"
              method="post"
              onSubmit={[Function]}
            >
              <label
                className="reviews__label form__label"
                htmlFor="review"
              >
                Your review
              </label>
              <div
                className="reviews__rating-form form__rating"
              >
                <input
                  className="form__rating-input visually-hidden"
                  id="5-stars"
                  name="rating"
                  onChange={[Function]}
                  type="radio"
                  value="5"
                />
                <label
                  className="reviews__rating-label form__rating-label"
                  htmlFor="5-stars"
                  title="perfect"
                >
                  <svg
                    className="form__star-image"
                    height="33"
                    width="37"
                  >
                    <use
                      xlinkHref="#icon-star"
                    />
                  </svg>
                </label>
                <input
                  className="form__rating-input visually-hidden"
                  id="4-stars"
                  name="rating"
                  onChange={[Function]}
                  type="radio"
                  value="4"
                />
                <label
                  className="reviews__rating-label form__rating-label"
                  htmlFor="4-stars"
                  title="good"
                >
                  <svg
                    className="form__star-image"
                    height="33"
                    width="37"
                  >
                    <use
                      xlinkHref="#icon-star"
                    />
                  </svg>
                </label>
                <input
                  className="form__rating-input visually-hidden"
                  id="3-stars"
                  name="rating"
                  onChange={[Function]}
                  type="radio"
                  value="3"
                />
                <label
                  className="reviews__rating-label form__rating-label"
                  htmlFor="3-stars"
                  title="not bad"
                >
                  <svg
                    className="form__star-image"
                    height="33"
                    width="37"
                  >
                    <use
                      xlinkHref="#icon-star"
                    />
                  </svg>
                </label>
                <input
                  className="form__rating-input visually-hidden"
                  id="2-stars"
                  name="rating"
                  onChange={[Function]}
                  type="radio"
                  value="2"
                />
                <label
                  className="reviews__rating-label form__rating-label"
                  htmlFor="2-stars"
                  title="badly"
                >
                  <svg
                    className="form__star-image"
                    height="33"
                    width="37"
                  >
                    <use
                      xlinkHref="#icon-star"
                    />
                  </svg>
                </label>
                <input
                  className="form__rating-input visually-hidden"
                  id="1-star"
                  name="rating"
                  onChange={[Function]}
                  type="radio"
                  value="1"
                />
                <label
                  className="reviews__rating-label form__rating-label"
                  htmlFor="1-star"
                  title="terribly"
                >
                  <svg
                    className="form__star-image"
                    height="33"
                    width="37"
                  >
                    <use
                      xlinkHref="#icon-star"
                    />
                  </svg>
                </label>
              </div>
              <textarea
                className="reviews__textarea form__textarea"
                id="review"
                name="review"
                onChange={[Function]}
                placeholder="Tell how was your stay, what you like and what can be improved"
              />
              <div
                className="reviews__button-wrapper"
              >
                <p
                  className="reviews__help"
                >
                  To submit review please make sure to set 
                  <span
                    className="reviews__star"
                  >
                    rating
                  </span>
                   and describe your stay with at least 
                  <b
                    className="reviews__text-amount"
                  >
                    50 characters
                  </b>
                  .
                </p>
                <button
                  className="reviews__submit form__submit button"
                  disabled={true}
                  type="submit"
                >
                  Submit
                </button>
              </div>
            </form>
          </section>
        </div>
      </div>
      <div
        className="property__map map"
      >
        <div
          id="map"
          style={
            Object {
              "height": "inherit",
            }
          }
        />
      </div>
    </section>
    <div
      className="container"
    >
      <section
        className="near-places places"
      >
        <h2
          className="near-places__title"
        >
          Other places in the neighbourhood
        </h2>
        <div
          className="near-places__list places__list"
        />
      </section>
    </div>
  </main>
</div>
`;
